Name,Average Points
Fr French,4.00
Targets >,4.75
Difference >,-0.75
,4.00
Targets >,4.75
Difference >,-0.75
Sp Spanish,4.21
Targets >,4.43
Difference >,-0.21
,4.21
Targets >,4.43
Difference >,-0.21
Summary,4.14
Targets >,4.55
Difference >,-0.41
,4.14
Targets >,4.55
Difference >,-0.41
