Name,Total Grades
Bi Biology,7
Exams >,7
Difference >,
,7
Exams >,7
Difference >,
Ch Chemistry,9
Exams >,9
Difference >,
,9
Exams >,9
Difference >,
Ph Physics,10
Exams >,10
Difference >,
,10
Exams >,10
Difference >,
Summary,26
Exams >,26
Difference >,
,26
Exams >,26
Difference >,
