Name,On Track
Qual 01,464
Qual 02,485
Qual 03,395
Qual 04,420
Qual 05,528
Qual 06,541
Qual 07,534
Qual 08,507
Qual 09,513
Qual 10,483
Qual 11,495
Qual 12,550
Qual 13,464
Qual 14,485
Qual 15,395
Qual 16,420
Qual 17,528
Qual 18,541
Qual 19,534
Qual 20,507
Qual 21,513
Qual 22,483
Qual 23,495
Qual 24,550
Qual 25,563
Summary,12393
