Measure,Total,%
Average Total Attainment 8,20.43,
Average Attainment 8 Grade,2.04,
Average KS2 Prior Attainment,5.42,
Average Estimated A8,66.13,
Average Total Progress 8,-4.569,
P8 Upper Confidence Interval,-4.397,
P8 Lower Confidence Interval,-4.740,
Pupils Included (Progress 8 Coverage),147,94.8
Pupils achieving a Positive Progress 8 score,0,0.0